test
test
test
test
test
test
test
test
test
test
test
hi
hi
hi
hi
